one plus one plus one plus one equals four?
THREE plus THREE equals six?