This is difficult  to  read!!!
Let's test all strange symbols:;?!,.
