this is a more complex test
The file contains with multiple lines.

and even an empty line!
