This is a more complex test that contains multiple lines.
Some MACRO can not be replaced.
LINE or LINESS are not correct macros.
This is also testreplaced.